ASxxxx Linker V03.00/V05.40 + sdld,  page 1.
Hexadecimal  [32-Bits]

Area                                    Addr        Size        Decimal Bytes (Attributes)
--------------------------------        ----        ----        ------- ----- ------------
.  .ABS.                            00000000    00000000 =           0. bytes (ABS,CON)

      Value  Global                              Global Defined In Module
      -----  --------------------------------   ------------------------
     00000000  .__.ABS.                           
     00000000  _rRAMG                             
     00000000  l__BASE                         
     00000000  l__BSS                          
     00000000  l__CABS                         
     00000000  l__CODE_0                       
     00000000  l__CRASH_HEADER                 
     00000000  l__CRASH_SCRATCH                
     00000000  l__DABS                         
     00000000  l__HEADER                       
     00000000  l__HEADER_LCD                   
     00000000  l__HEADER_SIO                   
     00000000  l__HEADER_TIMER                 
     00000000  l__HEAP                         
     00000000  l__HEAP_END                     
     00000000  l__HRAM                         
     00000000  l__LIT                          
     00000000  s__CABS                         
     00000000  s__CRASH_HEADER                 
     00000000  s__CRASH_HEADER0                
     00000000  s__CRASH_HEADER1                
     00000000  s__CRASH_SCRATCH                
     00000000  s__CRASH_SCRATCH2               
     00000000  s__DABS                         
     00000000  s__HEADER                       
     00000000  s__HEADER0                      
     00000000  s__HEADER1                      
     00000000  s__HEADER10                     
     00000000  s__HEADER11                     
     00000000  s__HEADER2                      
     00000000  s__HEADER3                      
     00000000  s__HEADER4                      
     00000000  s__HEADER5                      
     00000000  s__HEADER6                      
     00000000  s__HEADER7                      
     00000000  s__HEADER8                      
     00000000  s__HEADER9                      
     00000000  s__HEADER_LCD                   
     00000000  s__HEADER_LCD0                  
     00000000  s__HEADER_SIO                   
     00000000  s__HEADER_SIO0                  
     00000000  s__HEADER_TIMER                 
     00000000  s__HEADER_TIMER0                
     00000000  s__HEADERa                      
     00000000  s__HEADERb                      
     00000000  s__HEADERc                      
     00000000  s__HEADERd                      
     00000000  s__HEADERe                      
     00000000  s__HEADERf                      
     00000000  s__HRAM                         
ASxxxx Linker V03.00/V05.40 + sdld,  page 2.
Hexadecimal  [32-Bits]

Area                                    Addr        Size        Decimal Bytes (Attributes)
--------------------------------        ----        ----        ------- ----- ------------
.  .ABS.                            00000000    00000000 =           0. bytes (ABS,CON)

      Value  Global                              Global Defined In Module
      -----  --------------------------------   ------------------------
     00000000  s__HRAM12                       
     00000001  ___bank_ACTOR                      actor
     00000001  ___bank_VM_ACTOR                   vm_actor
     00000001  ___bank_VM_SGB                     vm_sgb
     00000001  ___bank_song_song_template_0_Dat   song_song_template_0_Data
     00000001  ___bank_sound_legacy_3             sound_legacy_3
     00000001  ___mute_mask_sound_legacy_3        sound_legacy_3
     00000001  b_activate_actor                   actor
     00000001  b_activate_actors_in_col           actor
     00000001  b_activate_actors_in_row           actor
     00000001  b_actor_at_tile                    actor
     00000001  b_actor_get_frame_offset           actor
     00000001  b_actor_in_front_of_player         actor
     00000001  b_actor_overlapping_bb             actor
     00000001  b_actor_overlapping_player         actor
     00000001  b_actor_set_anim_idle              actor
     00000001  b_actor_set_anim_moving            actor
     00000001  b_actor_set_dir                    actor
     00000001  b_actor_set_frame_offset           actor
     00000001  b_actor_set_frames                 actor
     00000001  b_actors_handle_player_collision   actor
     00000001  b_actors_init                      actor
     00000001  b_check_collision_in_direction     actor
     00000001  b_deactivate_actor                 actor
     00000001  b_player_init                      actor
     00000001  b_ui_draw_frame                    ui
     00000001  b_ui_draw_text_buffer_char         ui
     00000001  b_ui_init                          ui
     00000001  b_ui_load_tiles                    ui
     00000001  b_ui_run_menu                      ui
     00000001  b_ui_run_modal                     ui
     00000001  b_ui_set_start_tile                ui
     00000001  b_vm_actor_activate                vm_actor
     00000001  b_vm_actor_begin_update            vm_actor
     00000001  b_vm_actor_deactivate              vm_actor
     00000001  b_vm_actor_emote                   vm_actor
     00000001  b_vm_actor_get_angle               vm_actor
     00000001  b_vm_actor_get_anim_frame          vm_actor
     00000001  b_vm_actor_get_dir                 vm_actor
     00000001  b_vm_actor_get_pos                 vm_actor
     00000001  b_vm_actor_move_cancel             vm_actor
     00000001  b_vm_actor_move_to                 vm_actor
     00000001  b_vm_actor_replace_tile            vm_actor
     00000001  b_vm_actor_set_anim                vm_actor
     00000001  b_vm_actor_set_anim_frame          vm_actor
     00000001  b_vm_actor_set_anim_set            vm_actor
     00000001  b_vm_actor_set_anim_tick           vm_actor
     00000001  b_vm_actor_set_bounds              vm_actor
     00000001  b_vm_actor_set_dir                 vm_actor
     00000001  b_vm_actor_set_flags               vm_actor
     00000001  b_vm_actor_set_move_speed          vm_actor
ASxxxx Linker V03.00/V05.40 + sdld,  page 3.
Hexadecimal  [32-Bits]

Area                                    Addr        Size        Decimal Bytes (Attributes)
--------------------------------        ----        ----        ------- ----- ------------
.  .ABS.                            00000000    00000000 =           0. bytes (ABS,CON)

      Value  Global                              Global Defined In Module
      -----  --------------------------------   ------------------------
     00000001  b_vm_actor_set_pos                 vm_actor
     00000001  b_vm_actor_set_spritesheet         vm_actor
     00000001  b_vm_actor_set_spritesheet_by_re   vm_actor
     00000001  b_vm_actor_terminate_update        vm_actor
     00000001  l__GSFINAL                      
     00000001  l__HEADER0                      
     00000001  l__HEADER5                      
     00000001  l__HEADERa                      
     00000001  l__HEADERb                      
     00000001  l__HEADERc                      
     00000001  l__HEADERe                      
     00000001  l__HEADERf                      
     00000002  ___bank_VM_MAIN                    vm
     00000002  ___bank_bg_test_platformer_tilem   bg_test_platformer_tilemap
     00000002  ___bank_bg_test_platformer_tilem   bg_test_platformer_tilemap_a
     00000002  ___bank_font_gbs_variable_width    font_gbs_variable_width
     00000002  ___bank_scene_14_sprites           scene_14_sprites
     00000002  ___bank_script_input_1             script_input_1
     00000002  ___bank_sprite_block               sprite_block
     00000002  b_script_detach_hthread            vm
     00000002  b_script_execute                   vm
     00000002  b_script_runner_init               vm
     00000002  b_script_terminate                 vm
     00000002  b_vm_call                          vm
     00000002  b_vm_call_far                      vm
     00000002  b_vm_get_indirect                  vm
     00000002  b_vm_get_int16                     vm
     00000002  b_vm_get_int8                      vm
     00000002  b_vm_get_tlocal                    vm
     00000002  b_vm_get_uint8                     vm
     00000002  b_vm_idle                          vm
     00000002  b_vm_if                            vm
     00000002  b_vm_if_const                      vm
     00000002  b_vm_init_rng                      vm
     00000002  b_vm_invoke                        vm
     00000002  b_vm_join                          vm
     00000002  b_vm_jump                          vm
     00000002  b_vm_lock                          vm
     00000002  b_vm_loop                          vm
     00000002  b_vm_memcpy                        vm
     00000002  b_vm_memset                        vm
     00000002  b_vm_poll_loaded                   vm
     00000002  b_vm_pop                           vm
     00000002  b_vm_push                          vm
     00000002  b_vm_push_reference                vm
     00000002  b_vm_push_value                    vm
     00000002  b_vm_push_value_ind                vm
     00000002  b_vm_raise                         vm
     00000002  b_vm_rand                          vm
     00000002  b_vm_reserve                       vm
     00000002  b_vm_ret                           vm
ASxxxx Linker V03.00/V05.40 + sdld,  page 4.
Hexadecimal  [32-Bits]

Area                                    Addr        Size        Decimal Bytes (Attributes)
--------------------------------        ----        ----        ------- ----- ------------
.  .ABS.                            00000000    00000000 =           0. bytes (ABS,CON)

      Value  Global                              Global Defined In Module
      -----  --------------------------------   ------------------------
     00000002  b_vm_ret_far                       vm
     00000002  b_vm_set                           vm
     00000002  b_vm_set_const                     vm
     00000002  b_vm_set_const_int16               vm
     00000002  b_vm_set_const_int8                vm
     00000002  b_vm_set_indirect                  vm
     00000002  b_vm_set_int16                     vm
     00000002  b_vm_set_int8                      vm
     00000002  b_vm_set_uint8                     vm
     00000002  b_vm_terminate                     vm
     00000002  b_vm_test_terminate                vm
     00000002  b_vm_unlock                        vm
     00000002  b_wait_frames                      vm
     00000002  l__HEADER10                     
     00000002  l__HEADER6                      
     00000002  l__HEADERd                      
     00000003  ___bank_scene_0_sprites            scene_0_sprites
     00000003  ___bank_script_input_2             script_input_2
     00000003  ___bank_sprite_eden_eyes_tileset   sprite_eden_eyes_tileset
     00000003  b_assign_state_script              platform
     00000003  b_basic_anim                       platform
     00000003  b_clear_state_script               platform
     00000003  b_dash_init_switch                 platform
     00000003  b_drop_press                       platform
     00000003  b_ladder_check                     platform
     00000003  b_ladder_switch                    platform
     00000003  b_platform_init                    platform
     00000003  b_platform_update                  platform
     00000003  b_wall_check                       platform
     00000003  l__HEADER9                      
     00000003  l__HEADER_LCD0                  
     00000003  l__HRAM12                       
     00000004  ___bank_scene_11_collisions        scene_11_collisions
     00000004  ___bank_scene_16_collisions        scene_16_collisions
     00000004  ___bank_scene_2_init               scene_2_init
     00000004  ___bank_song_song_template_1_Dat   song_song_template_1_Data
     00000004  ___bank_sound_animalese_wav        sound_animalese_wav
     00000004  ___mute_mask_sound_animalese_wav   sound_animalese_wav
     00000004  b_core_reset                       core
     00000004  b_core_run                         core
     00000004  l__CRASH_HEADER1                
     00000004  l__HEADER_SIO0                  
     00000004  l__HEADER_TIMER0                
     00000005  ___bank_bg_cave_stoke_3_tileset    bg_cave_stoke_3_tileset
     00000005  ___bank_bg_rae_tileset             bg_rae_tileset
     00000005  ___bank_scene_20_sprites           scene_20_sprites
     00000005  ___bank_scene_7_init               scene_7_init
     00000005  ___bank_song_song_template_2_Dat   song_song_template_2_Data
     00000005  ___bank_song_song_template_Data    song_song_template_Data
     00000005  b_gbprinter_detect                 gbprinter
     00000005  b_gbprinter_print_overlay          gbprinter
ASxxxx Linker V03.00/V05.40 + sdld,  page 5.
Hexadecimal  [32-Bits]

Area                                    Addr        Size        Decimal Bytes (Attributes)
--------------------------------        ----        ----        ------- ----- ------------
.  .ABS.                            00000000    00000000 =           0. bytes (ABS,CON)

      Value  Global                              Global Defined In Module
      -----  --------------------------------   ------------------------
     00000005  b_parallax_init                    parallax
     00000005  l__CRASH_HEADER0                
     00000005  l__HEADER1                      
     00000006  ___bank_actor_47_interact          actor_47_interact
     00000006  ___bank_bg_be_right_back_tileset   bg_be_right_back_tileset
     00000006  ___bank_bg_brett_tileset           bg_brett_tileset
     00000006  ___bank_bg_cave_stoke_2_tilemap_   bg_cave_stoke_2_tilemap_attr
     00000006  ___bank_bg_dooly_tileset           bg_dooly_tileset
     00000006  ___bank_bg_eden_tileset            bg_eden_tileset
     00000006  ___bank_song_song_template_4_Dat   song_song_template_4_Data
     00000006  l__HEADER8                      
     00000007  ___bank_actor_2_interact           actor_2_interact
     00000007  ___bank_bg_joe_tileset             bg_joe_tileset
     00000007  ___bank_bg_kitchen_tileset         bg_kitchen_tileset
     00000007  ___bank_bg_logo_tileset            bg_logo_tileset
     00000007  ___bank_bg_slate_tileset           bg_slate_tileset
     00000007  ___bank_scene_14_init              scene_14_init
     00000007  ___bank_scene_3_sprites            scene_3_sprites
     00000007  ___bank_scene_5_init               scene_5_init
     00000007  b_do_load_palette                  data_manager
     00000007  b_load_background                  data_manager
     00000007  b_load_bkg_tileset                 data_manager
     00000007  b_load_bounds                      data_manager
     00000007  b_load_emote                       data_manager
     00000007  b_load_init                        data_manager
     00000007  b_load_player                      data_manager
     00000007  b_load_scene                       data_manager
     00000007  b_load_sprite                      data_manager
     00000007  l__HEADER2                      
     00000008  ___bank_VM_UI                      vm_ui
     00000008  ___bank_actor_1_interact           actor_1_interact
     00000008  ___bank_actor_36_interact          actor_36_interact
     00000008  ___bank_actor_45_interact          actor_45_interact
     00000008  ___bank_bg_cave_stoke_2_tilemap    bg_cave_stoke_2_tilemap
     00000008  ___bank_bg_gaff_tileset            bg_gaff_tileset
     00000008  ___bank_bg_menu_tileset            bg_menu_tileset
     00000008  ___bank_scene_18_collisions        scene_18_collisions
     00000008  ___mute_mask_sound_legacy_0        sound_legacy_0
     00000008  ___mute_mask_sound_legacy_1        sound_legacy_1
     00000008  ___mute_mask_sound_legacy_2        sound_legacy_2
     00000008  b_remove_LCD_ISRs                  interrupts
     00000008  b_shmup_init                       shmup
     00000008  b_shmup_update                     shmup
     00000008  b_vm_choice                        vm_ui
     00000008  b_vm_display_text                  vm_ui
     00000008  b_vm_overlay_clear                 vm_ui
     00000008  b_vm_overlay_move_to               vm_ui
     00000008  b_vm_overlay_scroll                vm_ui
     00000008  b_vm_overlay_set_map               vm_ui
     00000008  b_vm_overlay_set_scroll            vm_ui
     00000008  b_vm_overlay_set_submap            vm_ui
ASxxxx Linker V03.00/V05.40 + sdld,  page 6.
Hexadecimal  [32-Bits]

Area                                    Addr        Size        Decimal Bytes (Attributes)
--------------------------------        ----        ----        ------- ----- ------------
.  .ABS.                            00000000    00000000 =           0. bytes (ABS,CON)

      Value  Global                              Global Defined In Module
      -----  --------------------------------   ------------------------
     00000008  b_vm_overlay_set_submap_ex         vm_ui
     00000008  b_vm_overlay_setpos                vm_ui
     00000008  b_vm_overlay_show                  vm_ui
     00000008  b_vm_overlay_wait                  vm_ui
     00000008  b_vm_set_font                      vm_ui
     00000008  b_vm_set_text_sound                vm_ui
     00000008  b_vm_switch_text_layer             vm_ui
     00000008  l__HEADER3                      
     00000009  ___bank_VM_GAMEBOY                 vm_gameboy
     00000009  ___bank_bg_alex_home_tileset       bg_alex_home_tileset
     00000009  ___bank_bg_cave_stoke_2_tileset    bg_cave_stoke_2_tileset
     00000009  ___bank_bg_corridoor_tileset       bg_corridoor_tileset
     00000009  ___bank_bg_test_platformer_tiles   bg_test_platformer_tileset
     00000009  ___bank_palette_0                  palette_0
     00000009  ___bank_scene_8_init               scene_8_init
     00000009  ___bank_sprite_birb2_tileset       sprite_birb2_tileset
     00000009  b_adventure_init                   adventure
     00000009  b_adventure_update                 adventure
     00000009  b_scroll_init                      scroll
     00000009  b_scroll_repaint                   scroll
     00000009  b_scroll_reset                     scroll
     00000009  b_scroll_update                    scroll
     00000009  b_topdown_init                     topdown
     00000009  b_topdown_update                   topdown
     00000009  b_vm_context_prepare               vm_gameboy
     00000009  b_vm_fade                          vm_gameboy
     00000009  b_vm_get_tile_xy                   vm_gameboy
     00000009  b_vm_input_attach                  vm_gameboy
     00000009  b_vm_input_detach                  vm_gameboy
     00000009  b_vm_input_get                     vm_gameboy
     00000009  b_vm_input_wait                    vm_gameboy
     00000009  b_vm_load_tiles                    vm_gameboy
     00000009  b_vm_load_tileset                  vm_gameboy
     00000009  b_vm_poll                          vm_gameboy
     00000009  b_vm_replace_tile                  vm_gameboy
     00000009  b_vm_replace_tile_xy               vm_gameboy
     00000009  b_vm_rumble                        vm_gameboy
     00000009  b_vm_set_sprite_mode               vm_gameboy
     00000009  b_vm_set_sprites_visible           vm_gameboy
     00000009  b_vm_timer_prepare                 vm_gameboy
     00000009  b_vm_timer_reset                   vm_gameboy
     00000009  b_vm_timer_set                     vm_gameboy
     00000009  b_vm_timer_stop                    vm_gameboy
     0000000A  ___bank_VM_SIO                     vm_sio
     0000000A  ___bank_actor_35_interact          actor_35_interact
     0000000A  ___bank_bg_cave_stoke_3_tilemap    bg_cave_stoke_3_tilemap
     0000000A  ___bank_bg_cave_stoke_3_tilemap_   bg_cave_stoke_3_tilemap_attr
     0000000A  ___bank_bg_cave_stoke_tilemap      bg_cave_stoke_tilemap
     0000000A  ___bank_bg_cave_stoke_tilemap_at   bg_cave_stoke_tilemap_attr
     0000000A  ___bank_bg_cave_stoke_tileset      bg_cave_stoke_tileset
     0000000A  ___bank_bg_corridoor_tilemap       bg_corridoor_tilemap
ASxxxx Linker V03.00/V05.40 + sdld,  page 7.
Hexadecimal  [32-Bits]

Area                                    Addr        Size        Decimal Bytes (Attributes)
--------------------------------        ----        ----        ------- ----- ------------
.  .ABS.                            00000000    00000000 =           0. bytes (ABS,CON)

      Value  Global                              Global Defined In Module
      -----  --------------------------------   ------------------------
     0000000A  ___bank_bg_corridoor_tilemap_att   bg_corridoor_tilemap_attr
     0000000A  ___bank_scene_13_collisions        scene_13_collisions
     0000000A  ___bank_scene_16_actors            scene_16_actors
     0000000A  ___bank_scene_17_collisions        scene_17_collisions
     0000000A  ___bank_scene_19_collisions        scene_19_collisions
     0000000A  ___bank_sound_legacy_0             sound_legacy_0
     0000000A  b___HandleCrash_banked             
     0000000A  b_atan2                            math_atan2
     0000000A  b_data_clear                       load_save
     0000000A  b_data_init                        load_save
     0000000A  b_data_load                        load_save
     0000000A  b_data_peek                        load_save
     0000000A  b_data_save                        load_save
     0000000A  b_pointnclick_init                 pointnclick
     0000000A  b_pointnclick_update               pointnclick
     0000000A  b_projectile_launch                projectiles
     0000000A  b_projectiles_init                 projectiles
     0000000A  b_trigger_activate_at              trigger
     0000000A  b_trigger_activate_at_intersecti   trigger
     0000000A  b_trigger_at_intersection          trigger
     0000000A  b_trigger_at_tile                  trigger
     0000000A  b_trigger_interact                 trigger
     0000000A  b_trigger_reset                    trigger
     0000000A  b_vm_sio_exchange                  vm_sio
     0000000A  b_vm_sio_set_mode                  vm_sio
     0000000B  ___bank_VM_CAMERA                  vm_camera
     0000000B  ___bank_VM_PALETTE                 vm_palette
     0000000B  ___bank_actor_0_update             actor_0_update
     0000000B  ___bank_actor_50_interact          actor_50_interact
     0000000B  ___bank_actor_55_interact          actor_55_interact
     0000000B  ___bank_actor_56_interact          actor_56_interact
     0000000B  ___bank_actor_57_interact          actor_57_interact
     0000000B  ___bank_actor_59_interact          actor_59_interact
     0000000B  ___bank_actor_60_interact          actor_60_interact
     0000000B  ___bank_actor_61_interact          actor_61_interact
     0000000B  ___bank_actor_62_interact          actor_62_interact
     0000000B  ___bank_actor_63_interact          actor_63_interact
     0000000B  ___bank_actor_64_interact          actor_64_interact
     0000000B  ___bank_bg_alex_home_tilemap       bg_alex_home_tilemap
     0000000B  ___bank_bg_alex_home_tilemap_att   bg_alex_home_tilemap_attr
     0000000B  ___bank_bg_be_right_back_tilemap   bg_be_right_back_tilemap
     0000000B  ___bank_bg_brett_tilemap           bg_brett_tilemap
     0000000B  ___bank_bg_brett_tilemap_attr      bg_brett_tilemap_attr
     0000000B  ___bank_bg_dooly_tilemap           bg_dooly_tilemap
     0000000B  ___bank_bg_eden_tilemap            bg_eden_tilemap
     0000000B  ___bank_bg_gaff_tilemap            bg_gaff_tilemap
     0000000B  ___bank_bg_joe_tilemap             bg_joe_tilemap
     0000000B  ___bank_bg_joe_tilemap_attr        bg_joe_tilemap_attr
     0000000B  ___bank_bg_kitchen_tilemap         bg_kitchen_tilemap
     0000000B  ___bank_bg_logo_tilemap            bg_logo_tilemap
     0000000B  ___bank_bg_menu_tilemap            bg_menu_tilemap
ASxxxx Linker V03.00/V05.40 + sdld,  page 8.
Hexadecimal  [32-Bits]

Area                                    Addr        Size        Decimal Bytes (Attributes)
--------------------------------        ----        ----        ------- ----- ------------
.  .ABS.                            00000000    00000000 =           0. bytes (ABS,CON)

      Value  Global                              Global Defined In Module
      -----  --------------------------------   ------------------------
     0000000B  ___bank_bg_rae_tilemap             bg_rae_tilemap
     0000000B  ___bank_bg_slate_tilemap           bg_slate_tilemap
     0000000B  ___bank_bg_slate_tilemap_attr      bg_slate_tilemap_attr
     0000000B  ___bank_bg_stairs_tileset          bg_stairs_tileset
     0000000B  ___bank_bg_tester_tileset          bg_tester_tileset
     0000000B  ___bank_scene_10_sprites           scene_10_sprites
     0000000B  ___bank_scene_13_actors            scene_13_actors
     0000000B  ___bank_scene_18_actors            scene_18_actors
     0000000B  ___bank_scene_8_actors             scene_8_actors
     0000000B  ___bank_sprite_birb2               sprite_birb2
     0000000B  ___bank_sprite_staggies_sprite_o   sprite_staggies_sprite_over_
     0000000B  ___bank_sprite_staggies_sprite_s   sprite_staggies_sprite_side
     0000000B  ___bank_sprite_staggies_sprite_s   sprite_staggies_sprite_side_
     0000000B  b_camera_shake_frames              vm_camera
     0000000B  b_fade_applypalettechange          fade_manager
     0000000B  b_fade_in                          fade_manager
     0000000B  b_fade_in_modal                    fade_manager
     0000000B  b_fade_init                        fade_manager
     0000000B  b_fade_out                         fade_manager
     0000000B  b_fade_out_modal                   fade_manager
     0000000B  b_fade_setspeed                    fade_manager
     0000000B  b_fade_update                      fade_manager
     0000000B  b_restore_sram                     flasher
     0000000B  b_restore_sram_bank                flasher
     0000000B  b_save_sram                        flasher
     0000000B  b_set_sgb_border                   sgb_border
     0000000B  b_vm_camera_move_to                vm_camera
     0000000B  b_vm_camera_set_pos                vm_camera
     0000000B  b_vm_load_palette                  vm_palette
     0000000C  ___bank_VM_GBPRINTER               vm_gbprinter
     0000000C  ___bank_VM_LOAD_SAVE               vm_load_save
     0000000C  ___bank_VM_MATH                    vm_math
     0000000C  ___bank_VM_MUSIC                   vm_music
     0000000C  ___bank_VM_PROJECTILE              vm_projectiles
     0000000C  ___bank_VM_RTC                     vm_rtc
     0000000C  ___bank_VM_SCENE                   vm_scene
     0000000C  ___bank_actor_50_update            actor_50_update
     0000000C  ___bank_actor_54_interact          actor_54_interact
     0000000C  ___bank_actor_55_update            actor_55_update
     0000000C  ___bank_actor_66_interact          actor_66_interact
     0000000C  ___bank_bg_stairs_tilemap          bg_stairs_tilemap
     0000000C  ___bank_bg_tester_tilemap          bg_tester_tilemap
     0000000C  ___bank_bg_tester_tilemap_attr     bg_tester_tilemap_attr
     0000000C  ___bank_frame_image                frame_image
     0000000C  ___bank_scene_0_actors             scene_0_actors
     0000000C  ___bank_scene_0_collisions         scene_0_collisions
     0000000C  ___bank_scene_10_actors            scene_10_actors
     0000000C  ___bank_scene_10_collisions        scene_10_collisions
     0000000C  ___bank_scene_14_collisions        scene_14_collisions
     0000000C  ___bank_scene_15_collisions        scene_15_collisions
     0000000C  ___bank_scene_19_init              scene_19_init
ASxxxx Linker V03.00/V05.40 + sdld,  page 9.
Hexadecimal  [32-Bits]

Area                                    Addr        Size        Decimal Bytes (Attributes)
--------------------------------        ----        ----        ------- ----- ------------
.  .ABS.                            00000000    00000000 =           0. bytes (ABS,CON)

      Value  Global                              Global Defined In Module
      -----  --------------------------------   ------------------------
     0000000C  ___bank_scene_1_actors             scene_1_actors
     0000000C  ___bank_scene_1_collisions         scene_1_collisions
     0000000C  ___bank_scene_1_sprites            scene_1_sprites
     0000000C  ___bank_scene_20_collisions        scene_20_collisions
     0000000C  ___bank_scene_2_actors             scene_2_actors
     0000000C  ___bank_scene_2_collisions         scene_2_collisions
     0000000C  ___bank_scene_3_collisions         scene_3_collisions
     0000000C  ___bank_scene_4_collisions         scene_4_collisions
     0000000C  ___bank_scene_5_actors             scene_5_actors
     0000000C  ___bank_scene_5_collisions         scene_5_collisions
     0000000C  ___bank_scene_6_actors             scene_6_actors
     0000000C  ___bank_scene_6_collisions         scene_6_collisions
     0000000C  ___bank_scene_7_actors             scene_7_actors
     0000000C  ___bank_scene_7_collisions         scene_7_collisions
     0000000C  ___bank_scene_8_collisions         scene_8_collisions
     0000000C  ___bank_scene_9_actors             scene_9_actors
     0000000C  ___bank_scene_9_collisions         scene_9_collisions
     0000000C  ___bank_script_engine_init         
     0000000C  ___bank_sprite_arrows_tileset      sprite_arrows_tileset
     0000000C  ___bank_sprite_barrier_tileset     sprite_barrier_tileset
     0000000C  ___bank_sprite_bear_trap_tileset   sprite_bear_trap_tileset
     0000000C  ___bank_sprite_bow                 sprite_bow
     0000000C  ___bank_sprite_bow_tileset         sprite_bow_tileset
     0000000C  ___bank_sprite_brett_overworld_t   sprite_brett_overworld_tiles
     0000000C  ___bank_sprite_cursor_tileset      sprite_cursor_tileset
     0000000C  ___bank_sprite_dooly_overworld_t   sprite_dooly_overworld_tiles
     0000000C  ___bank_sprite_duck_stoke          sprite_duck_stoke
     0000000C  ___bank_sprite_duck_stoke_tilese   sprite_duck_stoke_tileset
     0000000C  ___bank_sprite_eden_eyes           sprite_eden_eyes
     0000000C  ___bank_sprite_eden_mouth_tilese   sprite_eden_mouth_tileset
     0000000C  ___bank_sprite_eden_overworld_ti   sprite_eden_overworld_tilese
     0000000C  ___bank_sprite_fridge_tileset      sprite_fridge_tileset
     0000000C  ___bank_sprite_joe_eye_tileset     sprite_joe_eye_tileset
     0000000C  ___bank_sprite_joe_overworld_til   sprite_joe_overworld_tileset
     0000000C  ___bank_sprite_johndog_tileset     sprite_johndog_tileset
     0000000C  ___bank_sprite_kudo_tileset        sprite_kudo_tileset
     0000000C  ___bank_sprite_locker_tileset      sprite_locker_tileset
     0000000C  ___bank_sprite_pot_baddie          sprite_pot_baddie
     0000000C  ___bank_sprite_pot_baddie_tilese   sprite_pot_baddie_tileset
     0000000C  ___bank_sprite_rae_eye             sprite_rae_eye
     0000000C  ___bank_sprite_rae_eye_tileset     sprite_rae_eye_tileset
     0000000C  ___bank_sprite_rae_overworld_til   sprite_rae_overworld_tileset
     0000000C  ___bank_sprite_slate_mouth_tiles   sprite_slate_mouth_tileset
     0000000C  ___bank_sprite_slate_overworld_t   sprite_slate_overworld_tiles
     0000000C  ___bank_sprite_staggies_sprite_o   sprite_staggies_sprite_over
     0000000C  ___bank_trigger_18_interact        trigger_18_interact
     0000000C  ___bank_trigger_5_interact         trigger_5_interact
     0000000C  ___bank_trigger_6_interact         trigger_6_interact
     0000000C  __start_save                    
     0000000C  b_erase_flash                      
     0000000C  b_events_init                      events
ASxxxx Linker V03.00/V05.40 + sdld,  page 10.
Hexadecimal  [32-Bits]

Area                                    Addr        Size        Decimal Bytes (Attributes)
--------------------------------        ----        ----        ------- ----- ------------
.  .ABS.                            00000000    00000000 =           0. bytes (ABS,CON)

      Value  Global                              Global Defined In Module
      -----  --------------------------------   ------------------------
     0000000C  b_itoa_fmt                         vm_ui_a
     0000000C  b_music_events_poll                music_manager
     0000000C  b_music_init_driver                music_manager
     0000000C  b_music_init_events                music_manager
     0000000C  b_save_sram_banks                  
     0000000C  b_timers_init                      events
     0000000C  b_vm_cos_scale                     vm_math
     0000000C  b_vm_music_mute                    vm_music
     0000000C  b_vm_music_play                    vm_music
     0000000C  b_vm_music_routine                 vm_music
     0000000C  b_vm_music_setpos                  vm_music
     0000000C  b_vm_music_stop                    vm_music
     0000000C  b_vm_print_detect                  vm_gbprinter
     0000000C  b_vm_print_overlay                 vm_gbprinter
     0000000C  b_vm_projectile_launch             vm_projectiles
     0000000C  b_vm_projectile_load_type          vm_projectiles
     0000000C  b_vm_rtc_get                       vm_rtc
     0000000C  b_vm_rtc_latch                     vm_rtc
     0000000C  b_vm_rtc_set                       vm_rtc
     0000000C  b_vm_rtc_start                     vm_rtc
     0000000C  b_vm_save_clear                    vm_load_save
     0000000C  b_vm_save_peek                     vm_load_save
     0000000C  b_vm_scene_pop                     vm_scene
     0000000C  b_vm_scene_pop_all                 vm_scene
     0000000C  b_vm_scene_push                    vm_scene
     0000000C  b_vm_scene_stack_reset             vm_scene
     0000000C  b_vm_sfx_play                      vm_music
     0000000C  b_vm_sin_scale                     vm_math
     0000000C  b_vm_sound_mastervol               vm_music
     0000000D  ___bank_actor_12_interact          actor_12_interact
     0000000D  ___bank_actor_16_interact          actor_16_interact
     0000000D  ___bank_actor_23_interact          actor_23_interact
     0000000D  ___bank_actor_24_interact          actor_24_interact
     0000000D  ___bank_actor_25_interact          actor_25_interact
     0000000D  ___bank_actor_39_interact          actor_39_interact
     0000000D  ___bank_actor_40_interact          actor_40_interact
     0000000D  ___bank_actor_41_interact          actor_41_interact
     0000000D  ___bank_actor_42_interact          actor_42_interact
     0000000D  ___bank_actor_43_interact          actor_43_interact
     0000000D  ___bank_actor_46_interact          actor_46_interact
     0000000D  ___bank_actor_52_interact          actor_52_interact
     0000000D  ___bank_actor_56_update            actor_56_update
     0000000D  ___bank_actor_57_update            actor_57_update
     0000000D  ___bank_actor_58_interact          actor_58_interact
     0000000D  ___bank_actor_59_update            actor_59_update
     0000000D  ___bank_actor_64_update            actor_64_update
     0000000D  ___bank_actor_67_interact          actor_67_interact
     0000000D  ___bank_avatar_font_0              avatar_font_0
     0000000D  ___bank_bg_alex_home               bg_alex_home
     0000000D  ___bank_bg_be_right_back           bg_be_right_back
     0000000D  ___bank_bg_brett                   bg_brett
ASxxxx Linker V03.00/V05.40 + sdld,  page 11.
Hexadecimal  [32-Bits]

Area                                    Addr        Size        Decimal Bytes (Attributes)
--------------------------------        ----        ----        ------- ----- ------------
.  .ABS.                            00000000    00000000 =           0. bytes (ABS,CON)

      Value  Global                              Global Defined In Module
      -----  --------------------------------   ------------------------
     0000000D  ___bank_bg_cave_stoke              bg_cave_stoke
     0000000D  ___bank_bg_cave_stoke_2            bg_cave_stoke_2
     0000000D  ___bank_bg_cave_stoke_3            bg_cave_stoke_3
     0000000D  ___bank_bg_corridoor               bg_corridoor
     0000000D  ___bank_bg_dooly                   bg_dooly
     0000000D  ___bank_bg_eden                    bg_eden
     0000000D  ___bank_bg_gaff                    bg_gaff
     0000000D  ___bank_bg_joe                     bg_joe
     0000000D  ___bank_bg_kitchen                 bg_kitchen
     0000000D  ___bank_bg_logo                    bg_logo
     0000000D  ___bank_bg_menu                    bg_menu
     0000000D  ___bank_bg_rae                     bg_rae
     0000000D  ___bank_bg_slate                   bg_slate
     0000000D  ___bank_bg_stairs                  bg_stairs
     0000000D  ___bank_bg_test_platformer         bg_test_platformer
     0000000D  ___bank_bg_tester                  bg_tester
     0000000D  ___bank_bootstrap_script           
     0000000D  ___bank_cursor_image               cursor_image
     0000000D  ___bank_emote_anger                emote_anger
     0000000D  ___bank_emote_love                 emote_love
     0000000D  ___bank_palette_1                  palette_1
     0000000D  ___bank_palette_10                 palette_10
     0000000D  ___bank_palette_11                 palette_11
     0000000D  ___bank_palette_12                 palette_12
     0000000D  ___bank_palette_13                 palette_13
     0000000D  ___bank_palette_14                 palette_14
     0000000D  ___bank_palette_2                  palette_2
     0000000D  ___bank_palette_3                  palette_3
     0000000D  ___bank_palette_4                  palette_4
     0000000D  ___bank_palette_5                  palette_5
     0000000D  ___bank_palette_6                  palette_6
     0000000D  ___bank_palette_7                  palette_7
     0000000D  ___bank_palette_8                  palette_8
     0000000D  ___bank_palette_9                  palette_9
     0000000D  ___bank_scene_0                    scene_0
     0000000D  ___bank_scene_0_init               scene_0_init
     0000000D  ___bank_scene_1                    scene_1
     0000000D  ___bank_scene_10                   scene_10
     0000000D  ___bank_scene_10_init              scene_10_init
     0000000D  ___bank_scene_11                   scene_11
     0000000D  ___bank_scene_11_actors            scene_11_actors
     0000000D  ___bank_scene_11_init              scene_11_init
     0000000D  ___bank_scene_11_projectiles       scene_11_projectiles
     0000000D  ___bank_scene_11_sprites           scene_11_sprites
     0000000D  ___bank_scene_13                   scene_13
     0000000D  ___bank_scene_13_init              scene_13_init
     0000000D  ___bank_scene_13_sprites           scene_13_sprites
     0000000D  ___bank_scene_13_triggers          scene_13_triggers
     0000000D  ___bank_scene_14                   scene_14
     0000000D  ___bank_scene_14_actors            scene_14_actors
     0000000D  ___bank_scene_15                   scene_15
ASxxxx Linker V03.00/V05.40 + sdld,  page 12.
Hexadecimal  [32-Bits]

Area                                    Addr        Size        Decimal Bytes (Attributes)
--------------------------------        ----        ----        ------- ----- ------------
.  .ABS.                            00000000    00000000 =           0. bytes (ABS,CON)

      Value  Global                              Global Defined In Module
      -----  --------------------------------   ------------------------
     0000000D  ___bank_scene_15_init              scene_15_init
     0000000D  ___bank_scene_15_triggers          scene_15_triggers
     0000000D  ___bank_scene_16                   scene_16
     0000000D  ___bank_scene_16_init              scene_16_init
     0000000D  ___bank_scene_16_sprites           scene_16_sprites
     0000000D  ___bank_scene_16_triggers          scene_16_triggers
     0000000D  ___bank_scene_17                   scene_17
     0000000D  ___bank_scene_17_init              scene_17_init
     0000000D  ___bank_scene_17_triggers          scene_17_triggers
     0000000D  ___bank_scene_18                   scene_18
     0000000D  ___bank_scene_18_init              scene_18_init
     0000000D  ___bank_scene_18_sprites           scene_18_sprites
     0000000D  ___bank_scene_18_triggers          scene_18_triggers
     0000000D  ___bank_scene_19                   scene_19
     0000000D  ___bank_scene_19_triggers          scene_19_triggers
     0000000D  ___bank_scene_1_init               scene_1_init
     0000000D  ___bank_scene_1_triggers           scene_1_triggers
     0000000D  ___bank_scene_2                    scene_2
     0000000D  ___bank_scene_20                   scene_20
     0000000D  ___bank_scene_20_actors            scene_20_actors
     0000000D  ___bank_scene_20_init              scene_20_init
     0000000D  ___bank_scene_2_sprites            scene_2_sprites
     0000000D  ___bank_scene_2_triggers           scene_2_triggers
     0000000D  ___bank_scene_3                    scene_3
     0000000D  ___bank_scene_3_actors             scene_3_actors
     0000000D  ___bank_scene_3_init               scene_3_init
     0000000D  ___bank_scene_4                    scene_4
     0000000D  ___bank_scene_4_init               scene_4_init
     0000000D  ___bank_scene_4_triggers           scene_4_triggers
     0000000D  ___bank_scene_5                    scene_5
     0000000D  ___bank_scene_5_sprites            scene_5_sprites
     0000000D  ___bank_scene_6                    scene_6
     0000000D  ___bank_scene_6_init               scene_6_init
     0000000D  ___bank_scene_6_sprites            scene_6_sprites
     0000000D  ___bank_scene_6_triggers           scene_6_triggers
     0000000D  ___bank_scene_7                    scene_7
     0000000D  ___bank_scene_7_sprites            scene_7_sprites
     0000000D  ___bank_scene_8                    scene_8
     0000000D  ___bank_scene_8_sprites            scene_8_sprites
     0000000D  ___bank_scene_9                    scene_9
     0000000D  ___bank_scene_9_init               scene_9_init
     0000000D  ___bank_scene_9_sprites            scene_9_sprites
     0000000D  ___bank_script_1                   script_1
     0000000D  ___bank_script_input_0             script_input_0
     0000000D  ___bank_sound_legacy_1             sound_legacy_1
     0000000D  ___bank_sound_legacy_2             sound_legacy_2
     0000000D  ___bank_sprite_arrows              sprite_arrows
     0000000D  ___bank_sprite_barrier             sprite_barrier
     0000000D  ___bank_sprite_bear_trap           sprite_bear_trap
     0000000D  ___bank_sprite_block_tileset       sprite_block_tileset
     0000000D  ___bank_sprite_brett_eyes          sprite_brett_eyes
ASxxxx Linker V03.00/V05.40 + sdld,  page 13.
Hexadecimal  [32-Bits]

Area                                    Addr        Size        Decimal Bytes (Attributes)
--------------------------------        ----        ----        ------- ----- ------------
.  .ABS.                            00000000    00000000 =           0. bytes (ABS,CON)

      Value  Global                              Global Defined In Module
      -----  --------------------------------   ------------------------
     0000000D  ___bank_sprite_brett_eyes_tilese   sprite_brett_eyes_tileset
     0000000D  ___bank_sprite_brett_mouth         sprite_brett_mouth
     0000000D  ___bank_sprite_brett_mouth_tiles   sprite_brett_mouth_tileset
     0000000D  ___bank_sprite_brett_overworld     sprite_brett_overworld
     0000000D  ___bank_sprite_button              sprite_button
     0000000D  ___bank_sprite_button_tileset      sprite_button_tileset
     0000000D  ___bank_sprite_cursor              sprite_cursor
     0000000D  ___bank_sprite_dooly_eyes          sprite_dooly_eyes
     0000000D  ___bank_sprite_dooly_eyes_tilese   sprite_dooly_eyes_tileset
     0000000D  ___bank_sprite_dooly_mouth         sprite_dooly_mouth
     0000000D  ___bank_sprite_dooly_mouth_tiles   sprite_dooly_mouth_tileset
     0000000D  ___bank_sprite_dooly_overworld     sprite_dooly_overworld
     0000000D  ___bank_sprite_eden_mouth          sprite_eden_mouth
     0000000D  ___bank_sprite_eden_overworld      sprite_eden_overworld
     0000000D  ___bank_sprite_fridge              sprite_fridge
     0000000D  ___bank_sprite_joe_eye             sprite_joe_eye
     0000000D  ___bank_sprite_joe_mouth           sprite_joe_mouth
     0000000D  ___bank_sprite_joe_mouth_tileset   sprite_joe_mouth_tileset
     0000000D  ___bank_sprite_joe_overworld       sprite_joe_overworld
     0000000D  ___bank_sprite_johndog             sprite_johndog
     0000000D  ___bank_sprite_kudo                sprite_kudo
     0000000D  ___bank_sprite_locker              sprite_locker
     0000000D  ___bank_sprite_partner_tick        sprite_partner_tick
     0000000D  ___bank_sprite_partner_tick_tile   sprite_partner_tick_tileset
     0000000D  ___bank_sprite_rae_flower          sprite_rae_flower
     0000000D  ___bank_sprite_rae_flower_tilese   sprite_rae_flower_tileset
     0000000D  ___bank_sprite_rae_mouth           sprite_rae_mouth
     0000000D  ___bank_sprite_rae_mouth_tileset   sprite_rae_mouth_tileset
     0000000D  ___bank_sprite_rae_overworld       sprite_rae_overworld
     0000000D  ___bank_sprite_sign                sprite_sign
     0000000D  ___bank_sprite_sign_tileset        sprite_sign_tileset
     0000000D  ___bank_sprite_slate_mouth         sprite_slate_mouth
     0000000D  ___bank_sprite_slate_mouth_0       sprite_slate_mouth_0
     0000000D  ___bank_sprite_slate_mouth_0_til   sprite_slate_mouth_0_tileset
     0000000D  ___bank_sprite_slate_overworld     sprite_slate_overworld
     0000000D  ___bank_sprite_sparkle             sprite_sparkle
     0000000D  ___bank_sprite_sparkle_tileset     sprite_sparkle_tileset
     0000000D  ___bank_sprite_staggiez_mouth      sprite_staggiez_mouth
     0000000D  ___bank_sprite_staggiez_mouth_ti   sprite_staggiez_mouth_tilese
     0000000D  ___bank_spritesheet_none           spritesheet_none
     0000000D  ___bank_test_symbol0               test_symbol0
     0000000D  ___bank_test_symbol15              test_symbol15
     0000000D  ___bank_test_symbol17              test_symbol17
     0000000D  ___bank_test_symbol2               test_symbol2
     0000000D  ___bank_trigger_0_interact         trigger_0_interact
     0000000D  ___bank_trigger_10_interact        trigger_10_interact
     0000000D  ___bank_trigger_11_interact        trigger_11_interact
     0000000D  ___bank_trigger_12_interact        trigger_12_interact
     0000000D  ___bank_trigger_13_interact        trigger_13_interact
     0000000D  ___bank_trigger_14_interact        trigger_14_interact
     0000000D  ___bank_trigger_15_interact        trigger_15_interact
ASxxxx Linker V03.00/V05.40 + sdld,  page 14.
Hexadecimal  [32-Bits]

Area                                    Addr        Size        Decimal Bytes (Attributes)
--------------------------------        ----        ----        ------- ----- ------------
.  .ABS.                            00000000    00000000 =           0. bytes (ABS,CON)

      Value  Global                              Global Defined In Module
      -----  --------------------------------   ------------------------
     0000000D  ___bank_trigger_16_interact        trigger_16_interact
     0000000D  ___bank_trigger_17_interact        trigger_17_interact
     0000000D  ___bank_trigger_20_interact        trigger_20_interact
     0000000D  ___bank_trigger_21_interact        trigger_21_interact
     0000000D  ___bank_trigger_22_interact        trigger_22_interact
     0000000D  ___bank_trigger_23_interact        trigger_23_interact
     0000000D  ___bank_trigger_24_interact        trigger_24_interact
     0000000D  ___bank_trigger_25_interact        trigger_25_interact
     0000000D  ___bank_trigger_2_interact         trigger_2_interact
     0000000D  ___bank_trigger_3_interact         trigger_3_interact
     0000000D  ___bank_trigger_4_interact         trigger_4_interact
     0000000D  ___bank_trigger_7_interact         trigger_7_interact
     0000000D  ___bank_trigger_8_interact         trigger_8_interact
     0000000D  ___bank_trigger_9_interact         trigger_9_interact
     0000000D  b_CGBZeroPalette                   palette
     0000000D  b_SIO_init                         sio
     0000000D  b_camera_init                      camera
     0000000D  b_camera_reset                     camera
     0000000D  b_input_init                       input
     0000000D  b_logo_init                        logo
     0000000D  b_logo_update                      logo
     0000000D  b_palette_init                     palette
     0000000D  b_scroll_rect                      
     0000001A  l__INITIALIZED                  
     0000001A  l__INITIALIZER                  
     00000027  l__GSINIT                       
     00000030  l__HEADER7                      
     00000060  l__HEADER4                      
     000000AB  l__HEADER11                     
     000001CB  l__CRASH_SCRATCH2               
     00000200  s__CODE                         
     00000ECE  l__CODE                         
     000010CE  s__HOME                         
     00001A26  l__DATA                         
     00002000  _rROMB0                            
     00002739  l__CODE_13                      
     00002AAB  l__HOME                         
     00003000  _rROMB1                            
     00003B79  s__BASE                         
     00003B79  s__CODE_0                       
     00003B79  s__INITIALIZER                  
     00003B79  s__LIT                          
     00003B93  s__GSINIT                       
     00003BBA  s__GSFINAL                      
     00003FFE  l__CODE_8                       
     00003FFF  l__CODE_10                      
     00003FFF  l__CODE_5                       
     00003FFF  l__CODE_6                       
     00003FFF  l__CODE_9                       
     00004000  _RTC_SELECT_REG                    vm_rtc
     00004000  _rRAMB                             
ASxxxx Linker V03.00/V05.40 + sdld,  page 15.
Hexadecimal  [32-Bits]

Area                                    Addr        Size        Decimal Bytes (Attributes)
--------------------------------        ----        ----        ------- ----- ------------
.  .ABS.                            00000000    00000000 =           0. bytes (ABS,CON)

      Value  Global                              Global Defined In Module
      -----  --------------------------------   ------------------------
     00004000  l__CODE_1                       
     00004000  l__CODE_11                      
     00004000  l__CODE_12                      
     00004000  l__CODE_2                       
     00004000  l__CODE_3                       
     00004000  l__CODE_4                       
     00004000  l__CODE_7                       
     00006000  _RTC_LATCH_REG                     vm_rtc
     00008000  __VRAM                             
     00008000  __VRAM8000                         
     00008800  __VRAM8800                         
     00009000  __VRAM9000                         
     00009800  __SCRN0                            
     00009C00  __SCRN1                            
     0000A000  _RTC_VALUE_REG                     vm_rtc
     0000A000  __SRAM                             
     0000C000  __RAM                              
     0000C000  _shadow_OAM                     
     0000C0A0  s__DATA                         
     0000D000  __RAMBANK                          
     0000DAC6  s__BSS                          
     0000DAC6  s__INITIALIZED                  
     0000DAE0  s__HEAP                         
     0000DAE0  s__HEAP_END                     
     0000DF00  .STACK                          
     0000DF00  _shadow_OAM2                       absolute
     0000DFA0  _BkgPalette                        absolute
     0000DFE0  _vwf_tile_data                     absolute
     0000FE00  __OAMRAM                           
     0000FF00  _P1_REG                            
     0000FF00  __IO                               
     0000FF01  _SB_REG                            
     0000FF02  _SC_REG                            
     0000FF04  _DIV_REG                           
     0000FF05  _TIMA_REG                          
     0000FF06  _TMA_REG                           
     0000FF07  _TAC_REG                           
     0000FF0F  _IF_REG                            
     0000FF10  _NR10_REG                          
     0000FF11  _NR11_REG                          
     0000FF12  _NR12_REG                          
     0000FF13  _NR13_REG                          
     0000FF14  _NR14_REG                          
     0000FF16  _NR21_REG                          
     0000FF17  _NR22_REG                          
     0000FF18  _NR23_REG                          
     0000FF19  _NR24_REG                          
     0000FF1A  _NR30_REG                          
     0000FF1B  _NR31_REG                          
     0000FF1C  _NR32_REG                          
     0000FF1D  _NR33_REG                          
ASxxxx Linker V03.00/V05.40 + sdld,  page 16.
Hexadecimal  [32-Bits]

Area                                    Addr        Size        Decimal Bytes (Attributes)
--------------------------------        ----        ----        ------- ----- ------------
.  .ABS.                            00000000    00000000 =           0. bytes (ABS,CON)

      Value  Global                              Global Defined In Module
      -----  --------------------------------   ------------------------
     0000FF1E  _NR34_REG                          
     0000FF20  _NR41_REG                          
     0000FF21  _NR42_REG                          
     0000FF22  _NR43_REG                          
     0000FF23  _NR44_REG                          
     0000FF24  _NR50_REG                          
     0000FF25  _NR51_REG                          
     0000FF26  _NR52_REG                          
     0000FF30  _AUD3WAVE                          
     0000FF30  _PCM_SAMPLE                        
     0000FF30  __AUD3WAVERAM                      
     0000FF40  _LCDC_REG                          
     0000FF41  _STAT_REG                          
     0000FF42  _SCY_REG                           
     0000FF43  _SCX_REG                           
     0000FF44  _LY_REG                            
     0000FF45  _LYC_REG                           
     0000FF46  _DMA_REG                           
     0000FF47  _BGP_REG                           
     0000FF48  _OBP0_REG                          
     0000FF49  _OBP1_REG                          
     0000FF4A  _WY_REG                            
     0000FF4B  _WX_REG                            
     0000FF4D  _KEY1_REG                          
     0000FF4F  _VBK_REG                           
     0000FF51  _HDMA1_REG                         
     0000FF52  _HDMA2_REG                         
     0000FF53  _HDMA3_REG                         
     0000FF54  _HDMA4_REG                         
     0000FF55  _HDMA5_REG                         
     0000FF56  _RP_REG                            
     0000FF68  _BCPS_REG                          
     0000FF69  _BCPD_REG                          
     0000FF6A  _OCPS_REG                          
     0000FF6B  _OCPD_REG                          
     0000FF70  _SVBK_REG                          
     0000FF76  _PCM12_REG                         
     0000FF77  _PCM34_REG                         
     0000FF80  .refresh_OAM                    
     0000FF80  __HRAM                             
     0000FFFF  _IE_REG                            
     00014000  s__CODE_1                       
     00024000  s__CODE_2                       
     00034000  s__CODE_3                       
     00044000  s__CODE_4                       
     00054000  s__CODE_5                       
     00064000  s__CODE_6                       
     00074000  s__CODE_7                       
     00084000  s__CODE_8                       
     00094000  s__CODE_9                       
     000A4000  s__CODE_10                      
ASxxxx Linker V03.00/V05.40 + sdld,  page 17.
Hexadecimal  [32-Bits]

Area                                    Addr        Size        Decimal Bytes (Attributes)
--------------------------------        ----        ----        ------- ----- ------------
.  .ABS.                            00000000    00000000 =           0. bytes (ABS,CON)

      Value  Global                              Global Defined In Module
      -----  --------------------------------   ------------------------
     000B4000  s__CODE_11                      
     000C4000  s__CODE_12                      
     000D4000  s__CODE_13                      

ASxxxx Linker V03.00/V05.40 + sdld,  page 18.
Hexadecimal  [32-Bits]

Area                                    Addr        Size        Decimal Bytes (Attributes)
--------------------------------        ----        ----        ------- ----- ------------
_CODE                               00000200    00000ECE =        3790. bytes (REL,CON)

      Value  Global                              Global Defined In Module
      -----  --------------------------------   ------------------------
     00000200  ___HandleCrash                     
     0000020A  _SIO_send_byte                     
     0000021D  _SIO_receive                       
     0000022E  _GetWinAddr                        
     00000236  _GetBkgAddr                        
     00000244  _state_init                        
     00000249  _state_update                      
     0000026B  _ui_time_masks                     
     00000273  _ui_print_shift_char               
     000002F6  _ui_draw_frame_row                 
     000002FF  .ui_draw_frame_row                 
     00000328  _script_cmds                       vm_instructions
     00000560  _save_signature                    game_signature
     00000564  _start_scene_x                     
     00000566  _start_scene_y                     
     00000568  _start_scene_dir                   
     00000569  _start_scene                       
     0000056C  _start_player_move_speed           
     0000056D  _start_player_anim_tick            
     0000056E  _ui_fonts                          
     00000574  _core_reset_hook                   main
     0000057C  _main                              main
     00000584  _state_start_fns                   
     00000596  _state_update_fns                  
     000005A8  _hUGE_init                         hUGEDriver_obj
     000005AA  hUGE_init                          hUGEDriver_obj
     00000600  _hUGE_mute_channel                 hUGEDriver_obj
     00000602  hUGE_mute_channel                  hUGEDriver_obj
     00000850  _hUGE_set_position                 hUGEDriver_obj
     00000852  hUGE_set_position                  hUGEDriver_obj
     00000A17  _hUGE_dosound                      hUGEDriver_obj
     00000A17  hUGE_dosound                       hUGEDriver_obj
     00000D43  _get_vram_byte                     
     00000D4B  _get_win_tile_xy                   
     00000D53  _get_bkg_tile_xy                   
     00000D7A  _set_sprite_palette                CGB
     00000D7F  _set_bkg_palette                   CGB
     00000D82  .set_palette                       CGB
     00000DA1  _set_sprite_palette_entry          CGB
     00000DA6  _set_bkg_palette_entry             CGB
     00000DA9  .set_palette_entry                 CGB
     00000DC5  _hide_sprites_range                Metasprites
     00000DF4  __mulsuchar                        mul
     00000DF7  __muluschar                        mul
     00000E00  __mulschar                         mul
     00000E08  __mulint                           mul
     00000E27  __muluchar                         mul
     00000E39  _set_vram_byte                     
     00000E42  _set_win_tile_xy                   
     00000E4A  _set_bkg_tile_xy                   
ASxxxx Linker V03.00/V05.40 + sdld,  page 19.
Hexadecimal  [32-Bits]

Area                                    Addr        Size        Decimal Bytes (Attributes)
--------------------------------        ----        ----        ------- ----- ------------
_CODE                               00000200    00000ECE =        3790. bytes (REL,CON)

      Value  Global                              Global Defined In Module
      -----  --------------------------------   ------------------------
     00000E74  __divsuchar                        divmod
     00000E7A  __modsuchar                        divmod
     00000E83  __divuschar                        divmod
     00000E8C  __moduschar                        divmod
     00000E98  __divschar                         divmod
     00000E9D  __modschar                         divmod
     00000EA4  __divsint                          divmod
     00000EAD  __modsint                          divmod
     00000EB9  __divuchar                         divmod
     00000EBE  __moduchar                         divmod
     00000EC5  __divuint                          divmod
     00000ECE  __moduint                          divmod
     00000EDA  .div8                              divmod
     00000EDA  .mod8                              divmod
     00000EE2  .div16                             divmod
     00000EE2  .mod16                             divmod
     00000F18  .divu8                             divmod
     00000F18  .modu8                             divmod
     00000F1B  .divu16                            divmod
     00000F1B  .modu16                            divmod
     00000F5B  .sgb_check                         
     00000F5B  _sgb_check                         
     00000FA3  _sgb_transfer                      
     00000FA8  .sgb_transfer                      
     00000FE9  .copy_vram                         
     00000FEF  _get_data                          
     00000FEF  _set_data                          
     00000FEF  _vmemcpy                           
     0000103D  ___move_metasprite                 Metasprites
     0000107A  ___memcpy                          
     0000107A  _memcpy                            
     000010AC  _cpu_slow                          CGB
     000010C7  _cpu_fast                          CGB

ASxxxx Linker V03.00/V05.40 + sdld,  page 20.
Hexadecimal  [32-Bits]

Area                                    Addr        Size        Decimal Bytes (Attributes)
--------------------------------        ----        ----        ------- ----- ------------
_HEADER0                            00000000    00000001 =           1. bytes (ABS,CON)

      Value  Global                              Global Defined In Module
      -----  --------------------------------   ------------------------
     00000020  .call_hl                           Runtime

ASxxxx Linker V03.00/V05.40 + sdld,  page 21.
Hexadecimal  [32-Bits]

Area                                    Addr        Size        Decimal Bytes (Attributes)
--------------------------------        ----        ----        ------- ----- ------------
_HEADER1                            00000000    00000005 =           5. bytes (ABS,CON)

      Value  Global                              Global Defined In Module
      -----  --------------------------------   ------------------------
     00000028  .MemsetSmall                       Runtime

ASxxxx Linker V03.00/V05.40 + sdld,  page 22.
Hexadecimal  [32-Bits]

Area                                    Addr        Size        Decimal Bytes (Attributes)
--------------------------------        ----        ----        ------- ----- ------------
_HEADER2                            00000000    00000007 =           7. bytes (ABS,CON)

      Value  Global                              Global Defined In Module
      -----  --------------------------------   ------------------------
     00000030  .MemcpySmall                       Runtime

ASxxxx Linker V03.00/V05.40 + sdld,  page 23.
Hexadecimal  [32-Bits]

Area                                    Addr        Size        Decimal Bytes (Attributes)
--------------------------------        ----        ----        ------- ----- ------------
_HEADER3                            00000000    00000008 =           8. bytes (ABS,CON)

      Value  Global                              Global Defined In Module
      -----  --------------------------------   ------------------------
ASxxxx Linker V03.00/V05.40 + sdld,  page 24.
Hexadecimal  [32-Bits]

Area                                    Addr        Size        Decimal Bytes (Attributes)
--------------------------------        ----        ----        ------- ----- ------------
_HEADER4                            00000000    00000060 =          96. bytes (ABS,CON)

      Value  Global                              Global Defined In Module
      -----  --------------------------------   ------------------------
     00000080  .int                               Runtime
     0000008F  _wait_int_handler                  Runtime
     0000009C  __standard_VBL_handler             Runtime
     000000AB  _refresh_OAM                       Runtime
     000000CC  _set_interrupts                    Runtime

ASxxxx Linker V03.00/V05.40 + sdld,  page 25.
Hexadecimal  [32-Bits]

Area                                    Addr        Size        Decimal Bytes (Attributes)
--------------------------------        ----        ----        ------- ----- ------------
_HEADER5                            00000000    00000001 =           1. bytes (ABS,CON)

      Value  Global                              Global Defined In Module
      -----  --------------------------------   ------------------------
ASxxxx Linker V03.00/V05.40 + sdld,  page 26.
Hexadecimal  [32-Bits]

Area                                    Addr        Size        Decimal Bytes (Attributes)
--------------------------------        ----        ----        ------- ----- ------------
_HEADER6                            00000000    00000002 =           2. bytes (ABS,CON)

      Value  Global                              Global Defined In Module
      -----  --------------------------------   ------------------------
ASxxxx Linker V03.00/V05.40 + sdld,  page 27.
Hexadecimal  [32-Bits]

Area                                    Addr        Size        Decimal Bytes (Attributes)
--------------------------------        ----        ----        ------- ----- ------------
_HEADER7                            00000000    00000030 =          48. bytes (ABS,CON)

      Value  Global                              Global Defined In Module
      -----  --------------------------------   ------------------------
ASxxxx Linker V03.00/V05.40 + sdld,  page 28.
Hexadecimal  [32-Bits]

Area                                    Addr        Size        Decimal Bytes (Attributes)
--------------------------------        ----        ----        ------- ----- ------------
_HEADER8                            00000000    00000006 =           6. bytes (ABS,CON)

      Value  Global                              Global Defined In Module
      -----  --------------------------------   ------------------------
ASxxxx Linker V03.00/V05.40 + sdld,  page 29.
Hexadecimal  [32-Bits]

Area                                    Addr        Size        Decimal Bytes (Attributes)
--------------------------------        ----        ----        ------- ----- ------------
_HEADER9                            00000000    00000003 =           3. bytes (ABS,CON)

      Value  Global                              Global Defined In Module
      -----  --------------------------------   ------------------------
ASxxxx Linker V03.00/V05.40 + sdld,  page 30.
Hexadecimal  [32-Bits]

Area                                    Addr        Size        Decimal Bytes (Attributes)
--------------------------------        ----        ----        ------- ----- ------------
_HEADERa                            00000000    00000001 =           1. bytes (ABS,CON)

      Value  Global                              Global Defined In Module
      -----  --------------------------------   ------------------------
ASxxxx Linker V03.00/V05.40 + sdld,  page 31.
Hexadecimal  [32-Bits]

Area                                    Addr        Size        Decimal Bytes (Attributes)
--------------------------------        ----        ----        ------- ----- ------------
_HEADERb                            00000000    00000001 =           1. bytes (ABS,CON)

      Value  Global                              Global Defined In Module
      -----  --------------------------------   ------------------------
ASxxxx Linker V03.00/V05.40 + sdld,  page 32.
Hexadecimal  [32-Bits]

Area                                    Addr        Size        Decimal Bytes (Attributes)
--------------------------------        ----        ----        ------- ----- ------------
_HEADERc                            00000000    00000001 =           1. bytes (ABS,CON)

      Value  Global                              Global Defined In Module
      -----  --------------------------------   ------------------------
ASxxxx Linker V03.00/V05.40 + sdld,  page 33.
Hexadecimal  [32-Bits]

Area                                    Addr        Size        Decimal Bytes (Attributes)
--------------------------------        ----        ----        ------- ----- ------------
_HEADERd                            00000000    00000002 =           2. bytes (ABS,CON)

      Value  Global                              Global Defined In Module
      -----  --------------------------------   ------------------------
ASxxxx Linker V03.00/V05.40 + sdld,  page 34.
Hexadecimal  [32-Bits]

Area                                    Addr        Size        Decimal Bytes (Attributes)
--------------------------------        ----        ----        ------- ----- ------------
_HEADERe                            00000000    00000001 =           1. bytes (ABS,CON)

      Value  Global                              Global Defined In Module
      -----  --------------------------------   ------------------------
ASxxxx Linker V03.00/V05.40 + sdld,  page 35.
Hexadecimal  [32-Bits]

Area                                    Addr        Size        Decimal Bytes (Attributes)
--------------------------------        ----        ----        ------- ----- ------------
_HEADERf                            00000000    00000001 =           1. bytes (ABS,CON)

      Value  Global                              Global Defined In Module
      -----  --------------------------------   ------------------------
ASxxxx Linker V03.00/V05.40 + sdld,  page 36.
Hexadecimal  [32-Bits]

Area                                    Addr        Size        Decimal Bytes (Attributes)
--------------------------------        ----        ----        ------- ----- ------------
_HEADER10                           00000000    00000002 =           2. bytes (ABS,CON)

      Value  Global                              Global Defined In Module
      -----  --------------------------------   ------------------------
ASxxxx Linker V03.00/V05.40 + sdld,  page 37.
Hexadecimal  [32-Bits]

Area                                    Addr        Size        Decimal Bytes (Attributes)
--------------------------------        ----        ----        ------- ----- ------------
_HEADER11                           00000000    000000AB =         171. bytes (ABS,CON)

      Value  Global                              Global Defined In Module
      -----  --------------------------------   ------------------------
     00000150  .reset                             Runtime
     00000150  _reset                             Runtime
     00000157  .code_start                        Runtime
     000001B9  _exit                              Runtime
     000001BD  .wait_vbl_done                     Runtime
     000001BD  _vsync                             Runtime
     000001BD  _wait_vbl_done                     Runtime
     000001CD  .remove_VBL                        Runtime
     000001CD  _remove_VBL                        Runtime
     000001D0  .remove_int                        Runtime
     000001ED  .add_VBL                           Runtime
     000001ED  _add_VBL                           Runtime
     000001F0  .add_int                           Runtime

ASxxxx Linker V03.00/V05.40 + sdld,  page 38.
Hexadecimal  [32-Bits]

Area                                    Addr        Size        Decimal Bytes (Attributes)
--------------------------------        ----        ----        ------- ----- ------------
_HOME                               000010CE    00002AAB =       10923. bytes (REL,CON)

      Value  Global                              Global Defined In Module
      -----  --------------------------------   ------------------------
     000010CE  .memset_simple                     Runtime
     000010D7  .memcpy_simple                     Runtime
     000010F4  .display_off                       Runtime
     000010F4  _display_off                       Runtime
     0000110C  _actors_update                     actor
     0000150B  _SetBankedBkgData                  bankdata
     00001527  _SetBankedSpriteData               bankdata
     00001543  _SetBankedBkgTiles                 bankdata
     0000155F  _SetBankedWinTiles                 bankdata
     0000157B  _ReadBankedFarPtr                  bankdata
     0000159D  _ReadBankedUWORD                   bankdata
     000015B7  _MemcpyBanked                      bankdata
     000015D9  _MemcpyVRAMBanked                  bankdata
     00001608  _IndexOfFarPtr                     bankdata
     0000168D  _camera_update                     camera
     000017C0  _load_animations                   data_manager
     00001819  _events_update                     events
     000018EC  _timers_update                     events
     00001975  _input_update                      input
     00001998  .sio_ISR                           
     000019F2  .timer_ISR                         
     00001A07  _simple_LCD_isr                    interrupts
     00001A86  _fullscreen_LCD_isr                interrupts
     00001AB2  _VBL_isr                           interrupts
     00001AFC  _isqrt                             math
     00001B59  _sine_wave                         math
     00001C59  _dir_lookup                        math
     00001C61  _dir_angle_lookup                  math
     00001C65  _hUGETrackerRoutine                music_manager
     00001C8C  _music_events_update               music_manager
     00001D0E  _music_play_isr                    music_manager
     00001DAF  _parallax_LCD_isr                  parallax
     00001DEC  _projectiles_update                projectiles
     0000226D  _projectiles_render                projectiles
     000023C2  _scroll_load_pending_row           scroll
     00002448  _scroll_load_row                   scroll
     000024BD  _scroll_load_col                   scroll
     00002526  _scroll_load_pending_col           scroll
     000025AE  _set_bkg_submap                    
     000025F1  _set_xy_win_submap                 
     0000261E  .set_xy_win_submap                 
     00002627  .set_xy_bkg_submap                 
     00002636  .set_xy_submap                     
     00002680  _sfx_play_isr                      sfx_player
     00002759  _on_SIO_receive                    sio
     0000279A  _SIO_update                        sio
     00002801  _ui_update                         ui
     00002939  _vm_sgb_transfer                   vm_sgb
     00002986  _vm_load_text                      vm_ui
     00002BDC  _vm_switch                         vm
ASxxxx Linker V03.00/V05.40 + sdld,  page 39.
Hexadecimal  [32-Bits]

Area                                    Addr        Size        Decimal Bytes (Attributes)
--------------------------------        ----        ----        ------- ----- ------------
_HOME                               000010CE    00002AAB =       10923. bytes (REL,CON)

      Value  Global                              Global Defined In Module
      -----  --------------------------------   ------------------------
     00002D0D  _vm_beginthread                    vm
     00002E31  _vm_rpn                            vm
     0000360A  _vm_get_far                        vm
     00003678  _vm_call_native                    vm
     0000368B  _VM_STEP                           vm
     000036F5  _script_runner_update              vm
     0000385A  _fill_win_rect                     
     0000386C  _rand                              
     0000386C  _randw                             
     00003897  _initrand                          
     00003899  .initrand                          
     000038A2  _get_bkg_data                      
     000038A2  _get_win_data                      
     000038EF  _get_sprite_data                   
     00003922  _abs                               abs
     00003931  _set_win_tiles                     
     00003945  _set_tile_data                     
     0000394A  _set_bkg_data                      
     0000394A  _set_win_data                      
     00003952  _set_sprite_data                   
     00003982  _reverse                           reverse
     000039B6  ___call__banked                    far_ptr
     000039D3  _to_far_ptr                        far_ptr
     00003A09  .add_LCD                           
     00003A09  _add_LCD                           
     00003A0F  .remove_LCD                        
     00003A0F  _remove_LCD                        
     00003A15  .fill_rect_wtt                     
     00003A1E  .fill_rect_btt                     
     00003A6B  _fill_bkg_rect                     
     00003A7D  .padup                             
     00003A7D  _waitpadup                         
     00003A8D  .jpad                              
     00003A8D  _joypad                            
     00003AB5  _waitpad                           
     00003AB6  .wait_pad                          
     00003ABD  ___sdcc_call_hl                    call_hl
     00003ABE  _memset                            memset
     00003AF1  .set_xy_wtt                        SetTileMap
     00003AFA  .set_xy_btt                        SetTileMap
     00003B09  .set_xy_tt                         SetTileMap
     00003B4B  ___sdcc_bcall_ehl                  
     00003B65  _set_bkg_tiles                     
ASxxxx Linker V03.00/V05.40 + sdld,  page 40.
Hexadecimal  [32-Bits]

Area                                    Addr        Size        Decimal Bytes (Attributes)
--------------------------------        ----        ----        ------- ----- ------------
_INITIALIZER                        00003B79    0000001A =          26. bytes (REL,CON)

      Value  Global                              Global Defined In Module
      -----  --------------------------------   ------------------------
ASxxxx Linker V03.00/V05.40 + sdld,  page 41.
Hexadecimal  [32-Bits]

Area                                    Addr        Size        Decimal Bytes (Attributes)
--------------------------------        ----        ----        ------- ----- ------------
_GSINIT                             00003B93    00000027 =          39. bytes (REL,CON)

      Value  Global                              Global Defined In Module
      -----  --------------------------------   ------------------------
     00003B93  gsinit                             Runtime

ASxxxx Linker V03.00/V05.40 + sdld,  page 42.
[...]
C:/Users/amyja/AppData/Local/Temp/_gbsbuild/obj/sound_legacy_2.rel
                                          [ sound_legacy_2 ]
C:/Users/amyja/AppData/Local/Temp/_gbsbuild/obj/sound_legacy_3.rel
                                          [ sound_legacy_3 ]
C:/Users/amyja/AppData/Local/Temp/_gbsbuild/obj/sprite_arrows_tileset.rel
                                          [ sprite_arrows_tileset ]
C:/Users/amyja/AppData/Local/Temp/_gbsbuild/obj/sprite_arrows.rel
                                          [ sprite_arrows ]
C:/Users/amyja/AppData/Local/Temp/_gbsbuild/obj/sprite_barrier_tileset.rel
                                          [ sprite_barrier_tileset ]
C:/Users/amyja/AppData/Local/Temp/_gbsbuild/obj/sprite_barrier.rel
                                          [ sprite_barrier ]
C:/Users/amyja/AppData/Local/Temp/_gbsbuild/obj/sprite_bear_trap_tileset.rel
                                          [ sprite_bear_trap_tileset ]
C:/Users/amyja/AppData/Local/Temp/_gbsbuild/obj/sprite_bear_trap.rel
                                          [ sprite_bear_trap ]
C:/Users/amyja/AppData/Local/Temp/_gbsbuild/obj/sprite_birb2_tileset.rel
                                          [ sprite_birb2_tileset ]
C:/Users/amyja/AppData/Local/Temp/_gbsbuild/obj/sprite_birb2.rel
                                          [ sprite_birb2 ]
C:/Users/amyja/AppData/Local/Temp/_gbsbuild/obj/sprite_block_tileset.rel
                                          [ sprite_block_tileset ]
C:/Users/amyja/AppData/Local/Temp/_gbsbuild/obj/sprite_block.rel
                                          [ sprite_block ]
C:/Users/amyja/AppData/Local/Temp/_gbsbuild/obj/sprite_bow_tileset.rel
                                          [ sprite_bow_tileset ]
C:/Users/amyja/AppData/Local/Temp/_gbsbuild/obj/sprite_bow.rel
                                          [ sprite_bow ]
C:/Users/amyja/AppData/Local/Temp/_gbsbuild/obj/sprite_brett_eyes_tileset.rel
                                          [ sprite_brett_eyes_tileset ]
C:/Users/amyja/AppData/Local/Temp/_gbsbuild/obj/sprite_brett_eyes.rel
                                          [ sprite_brett_eyes ]
C:/Users/amyja/AppData/Local/Temp/_gbsbuild/obj/sprite_brett_mouth_tileset.rel
                                          [ sprite_brett_mouth_tileset ]
C:/Users/amyja/AppData/Local/Temp/_gbsbuild/obj/sprite_brett_mouth.rel
                                          [ sprite_brett_mouth ]
C:/Users/amyja/AppData/Local/Temp/_gbsbuild/obj/sprite_brett_overworld_tileset.rel
                                          [ sprite_brett_overworld_tileset ]
C:/Users/amyja/AppData/Local/Temp/_gbsbuild/obj/sprite_brett_overworld.rel
                                          [ sprite_brett_overworld ]
C:/Users/amyja/AppData/Local/Temp/_gbsbuild/obj/sprite_button_tileset.rel
                                          [ sprite_button_tileset ]
C:/Users/amyja/AppData/Local/Temp/_gbsbuild/obj/sprite_button.rel
                                          [ sprite_button ]
C:/Users/amyja/AppData/Local/Temp/_gbsbuild/obj/sprite_cursor_tileset.rel
                                          [ sprite_cursor_tileset ]
C:/Users/amyja/AppData/Local/Temp/_gbsbuild/obj/sprite_cursor.rel
                                          [ sprite_cursor ]
C:/Users/amyja/AppData/Local/Temp/_gbsbuild/obj/sprite_dooly_eyes_tileset.rel
                                          [ sprite_dooly_eyes_tileset ]
C:/Users/amyja/AppData/Local/Temp/_gbsbuild/obj/sprite_dooly_eyes.rel
                                          [ sprite_dooly_eyes ]
C:/Users/amyja/AppData/Local/Temp/_gbsbuild/obj/sprite_dooly_mouth_tileset.rel
                                          [ sprite_dooly_mouth_tileset ]
C:/Users/amyja/AppData/Local/Temp/_gbsbuild/obj/sprite_dooly_mouth.rel
                                          [ sprite_dooly_mouth ]
C:/Users/amyja/AppData/Local/Temp/_gbsbuild/obj/sprite_dooly_overworld_tileset.rel
                                          [ sprite_dooly_overworld_tileset ]
C:/Users/amyja/AppData/Local/Temp/_gbsbuild/obj/sprite_dooly_overworld.rel
                                          [ sprite_dooly_overworld ]
C:/Users/amyja/AppData/Local/Temp/_gbsbuild/obj/sprite_duck_stoke_tileset.rel
                                          [ sprite_duck_stoke_tileset ]
C:/Users/amyja/AppData/Local/Temp/_gbsbuild/obj/sprite_duck_stoke.rel
                                          [ sprite_duck_stoke ]
C:/Users/amyja/AppData/Local/Temp/_gbsbuild/obj/sprite_eden_eyes_tileset.rel
                                          [ sprite_eden_eyes_tileset ]
C:/Users/amyja/AppData/Local/Temp/_gbsbuild/obj/sprite_eden_eyes.rel
                                          [ sprite_eden_eyes ]
C:/Users/amyja/AppData/Local/Temp/_gbsbuild/obj/sprite_eden_mouth_tileset.rel
                                          [ sprite_eden_mouth_tileset ]
C:/Users/amyja/AppData/Local/Temp/_gbsbuild/obj/sprite_eden_mouth.rel
                                          [ sprite_eden_mouth ]
C:/Users/amyja/AppData/Local/Temp/_gbsbuild/obj/sprite_eden_overworld_tileset.rel
                                          [ sprite_eden_overworld_tileset ]
C:/Users/amyja/AppData/Local/Temp/_gbsbuild/obj/sprite_eden_overworld.rel
                                          [ sprite_eden_overworld ]
C:/Users/amyja/AppData/Local/Temp/_gbsbuild/obj/sprite_fridge_tileset.rel
                                          [ sprite_fridge_tileset ]
C:/Users/amyja/AppData/Local/Temp/_gbsbuild/obj/sprite_fridge.rel
                                          [ sprite_fridge ]
C:/Users/amyja/AppData/Local/Temp/_gbsbuild/obj/sprite_joe_eye_tileset.rel
                                          [ sprite_joe_eye_tileset ]
C:/Users/amyja/AppData/Local/Temp/_gbsbuild/obj/sprite_joe_eye.rel
                                          [ sprite_joe_eye ]
C:/Users/amyja/AppData/Local/Temp/_gbsbuild/obj/sprite_joe_mouth_tileset.rel
                                          [ sprite_joe_mouth_tileset ]
C:/Users/amyja/AppData/Local/Temp/_gbsbuild/obj/sprite_joe_mouth.rel
                                          [ sprite_joe_mouth ]
C:/Users/amyja/AppData/Local/Temp/_gbsbuild/obj/sprite_joe_overworld_tileset.rel
                                          [ sprite_joe_overworld_tileset ]
C:/Users/amyja/AppData/Local/Temp/_gbsbuild/obj/sprite_joe_overworld.rel
                                          [ sprite_joe_overworld ]
C:/Users/amyja/AppData/Local/Temp/_gbsbuild/obj/sprite_johndog_tileset.rel
                                          [ sprite_johndog_tileset ]
C:/Users/amyja/AppData/Local/Temp/_gbsbuild/obj/sprite_johndog.rel
                                          [ sprite_johndog ]
C:/Users/amyja/AppData/Local/Temp/_gbsbuild/obj/sprite_kudo_tileset.rel
                                          [ sprite_kudo_tileset ]
C:/Users/amyja/AppData/Local/Temp/_gbsbuild/obj/sprite_kudo.rel
                                          [ sprite_kudo ]
C:/Users/amyja/AppData/Local/Temp/_gbsbuild/obj/sprite_locker_tileset.rel
                                          [ sprite_locker_tileset ]
C:/Users/amyja/AppData/Local/Temp/_gbsbuild/obj/sprite_locker.rel
                                          [ sprite_locker ]
C:/Users/amyja/AppData/Local/Temp/_gbsbuild/obj/sprite_partner_tick_tileset.rel
                                          [ sprite_partner_tick_tileset ]
C:/Users/amyja/AppData/Local/Temp/_gbsbuild/obj/sprite_partner_tick.rel
                                          [ sprite_partner_tick ]
C:/Users/amyja/AppData/Local/Temp/_gbsbuild/obj/sprite_pot_baddie_tileset.rel
                                          [ sprite_pot_baddie_tileset ]
C:/Users/amyja/AppData/Local/Temp/_gbsbuild/obj/sprite_pot_baddie.rel
                                          [ sprite_pot_baddie ]
C:/Users/amyja/AppData/Local/Temp/_gbsbuild/obj/sprite_rae_eye_tileset.rel
                                          [ sprite_rae_eye_tileset ]
C:/Users/amyja/AppData/Local/Temp/_gbsbuild/obj/sprite_rae_eye.rel
                                          [ sprite_rae_eye ]
C:/Users/amyja/AppData/Local/Temp/_gbsbuild/obj/sprite_rae_flower_tileset.rel
                                          [ sprite_rae_flower_tileset ]
C:/Users/amyja/AppData/Local/Temp/_gbsbuild/obj/sprite_rae_flower.rel
                                          [ sprite_rae_flower ]
C:/Users/amyja/AppData/Local/Temp/_gbsbuild/obj/sprite_rae_mouth_tileset.rel
                                          [ sprite_rae_mouth_tileset ]
C:/Users/amyja/AppData/Local/Temp/_gbsbuild/obj/sprite_rae_mouth.rel
                                          [ sprite_rae_mouth ]
C:/Users/amyja/AppData/Local/Temp/_gbsbuild/obj/sprite_rae_overworld_tileset.rel
                                          [ sprite_rae_overworld_tileset ]
C:/Users/amyja/AppData/Local/Temp/_gbsbuild/obj/sprite_rae_overworld.rel
                                          [ sprite_rae_overworld ]
C:/Users/amyja/AppData/Local/Temp/_gbsbuild/obj/sprite_sign_tileset.rel
                                          [ sprite_sign_tileset ]
C:/Users/amyja/AppData/Local/Temp/_gbsbuild/obj/sprite_sign.rel
                                          [ sprite_sign ]
C:/Users/amyja/AppData/Local/Temp/_gbsbuild/obj/sprite_slate_mouth_0_tileset.rel
                                          [ sprite_slate_mouth_0_tileset ]
C:/Users/amyja/AppData/Local/Temp/_gbsbuild/obj/sprite_slate_mouth_0.rel
                                          [ sprite_slate_mouth_0 ]
C:/Users/amyja/AppData/Local/Temp/_gbsbuild/obj/sprite_slate_mouth_tileset.rel
                                          [ sprite_slate_mouth_tileset ]
C:/Users/amyja/AppData/Local/Temp/_gbsbuild/obj/sprite_slate_mouth.rel
                                          [ sprite_slate_mouth ]
C:/Users/amyja/AppData/Local/Temp/_gbsbuild/obj/sprite_slate_overworld_tileset.rel
                                          [ sprite_slate_overworld_tileset ]
C:/Users/amyja/AppData/Local/Temp/_gbsbuild/obj/sprite_slate_overworld.rel
                                          [ sprite_slate_overworld ]
C:/Users/amyja/AppData/Local/Temp/_gbsbuild/obj/sprite_sparkle_tileset.rel
                                          [ sprite_sparkle_tileset ]
C:/Users/amyja/AppData/Local/Temp/_gbsbuild/obj/sprite_sparkle.rel
                                          [ sprite_sparkle ]
C:/Users/amyja/AppData/Local/Temp/_gbsbuild/obj/sprite_staggies_sprite_over_tileset.rel
                                          [ sprite_staggies_sprite_over_tile ]
C:/Users/amyja/AppData/Local/Temp/_gbsbuild/obj/sprite_staggies_sprite_over.rel
                                          [ sprite_staggies_sprite_over ]
C:/Users/amyja/AppData/Local/Temp/_gbsbuild/obj/sprite_staggies_sprite_side_tileset.rel
                                          [ sprite_staggies_sprite_side_tile ]
C:/Users/amyja/AppData/Local/Temp/_gbsbuild/obj/sprite_staggies_sprite_side.rel
                                          [ sprite_staggies_sprite_side ]
C:/Users/amyja/AppData/Local/Temp/_gbsbuild/obj/sprite_staggiez_mouth_tileset.rel
                                          [ sprite_staggiez_mouth_tileset ]
C:/Users/amyja/AppData/Local/Temp/_gbsbuild/obj/sprite_staggiez_mouth.rel
                                          [ sprite_staggiez_mouth ]
C:/Users/amyja/AppData/Local/Temp/_gbsbuild/obj/spritesheet_none.rel
                                          [ spritesheet_none ]
C:/Users/amyja/AppData/Local/Temp/_gbsbuild/obj/test_symbol0.rel
                                          [ test_symbol0 ]
C:/Users/amyja/AppData/Local/Temp/_gbsbuild/obj/test_symbol15.rel
                                          [ test_symbol15 ]
C:/Users/amyja/AppData/Local/Temp/_gbsbuild/obj/test_symbol17.rel
                                          [ test_symbol17 ]
C:/Users/amyja/AppData/Local/Temp/_gbsbuild/obj/test_symbol2.rel
                                          [ test_symbol2 ]
C:/Users/amyja/AppData/Local/Temp/_gbsbuild/obj/trigger_0_interact.rel
                                          [ trigger_0_interact ]
C:/Users/amyja/AppData/Local/Temp/_gbsbuild/obj/trigger_10_interact.rel
                                          [ trigger_10_interact ]
C:/Users/amyja/AppData/Local/Temp/_gbsbuild/obj/trigger_11_interact.rel
                                          [ trigger_11_interact ]
C:/Users/amyja/AppData/Local/Temp/_gbsbuild/obj/trigger_12_interact.rel
                                          [ trigger_12_interact ]
C:/Users/amyja/AppData/Local/Temp/_gbsbuild/obj/trigger_13_interact.rel
                                          [ trigger_13_interact ]
C:/Users/amyja/AppData/Local/Temp/_gbsbuild/obj/trigger_14_interact.rel
                                          [ trigger_14_interact ]
C:/Users/amyja/AppData/Local/Temp/_gbsbuild/obj/trigger_15_interact.rel
                                          [ trigger_15_interact ]
C:/Users/amyja/AppData/Local/Temp/_gbsbuild/obj/trigger_16_interact.rel
                                          [ trigger_16_interact ]
C:/Users/amyja/AppData/Local/Temp/_gbsbuild/obj/trigger_17_interact.rel
                                          [ trigger_17_interact ]
C:/Users/amyja/AppData/Local/Temp/_gbsbuild/obj/trigger_18_interact.rel
                                          [ trigger_18_interact ]
C:/Users/amyja/AppData/Local/Temp/_gbsbuild/obj/trigger_2_interact.rel
                                          [ trigger_2_interact ]
C:/Users/amyja/AppData/Local/Temp/_gbsbuild/obj/trigger_20_interact.rel
                                          [ trigger_20_interact ]
C:/Users/amyja/AppData/Local/Temp/_gbsbuild/obj/trigger_21_interact.rel
                                          [ trigger_21_interact ]
C:/Users/amyja/AppData/Local/Temp/_gbsbuild/obj/trigger_22_interact.rel
                                          [ trigger_22_interact ]
C:/Users/amyja/AppData/Local/Temp/_gbsbuild/obj/trigger_23_interact.rel
                                          [ trigger_23_interact ]
C:/Users/amyja/AppData/Local/Temp/_gbsbuild/obj/trigger_24_interact.rel
                                          [ trigger_24_interact ]
C:/Users/amyja/AppData/Local/Temp/_gbsbuild/obj/trigger_25_interact.rel
                                          [ trigger_25_interact ]
C:/Users/amyja/AppData/Local/Temp/_gbsbuild/obj/trigger_3_interact.rel
                                          [ trigger_3_interact ]
C:/Users/amyja/AppData/Local/Temp/_gbsbuild/obj/trigger_4_interact.rel
                                          [ trigger_4_interact ]
C:/Users/amyja/AppData/Local/Temp/_gbsbuild/obj/trigger_5_interact.rel
                                          [ trigger_5_interact ]
C:/Users/amyja/AppData/Local/Temp/_gbsbuild/obj/trigger_6_interact.rel
                                          [ trigger_6_interact ]
C:/Users/amyja/AppData/Local/Temp/_gbsbuild/obj/trigger_7_interact.rel
                                          [ trigger_7_interact ]
C:/Users/amyja/AppData/Local/Temp/_gbsbuild/obj/trigger_8_interact.rel
                                          [ trigger_8_interact ]
C:/Users/amyja/AppData/Local/Temp/_gbsbuild/obj/trigger_9_interact.rel
                                          [ trigger_9_interact ]
C:/Users/amyja/AppData/Local/Temp/_gbsbuild/obj/main.rel
                                          [ main ]
C:/Users/amyja/AppData/Local/Temp/_gbsbuild/obj/adventure.rel
                                          [ adventure ]
C:/Users/amyja/AppData/Local/Temp/_gbsbuild/obj/logo.rel
                                          [ logo ]
C:/Users/amyja/AppData/Local/Temp/_gbsbuild/obj/platform.rel
                                          [ platform ]
C:/Users/amyja/AppData/Local/Temp/_gbsbuild/obj/pointnclick.rel
                                          [ pointnclick ]
C:/Users/amyja/AppData/Local/Temp/_gbsbuild/obj/shmup.rel
                                          [ shmup ]
C:/Users/amyja/AppData/Local/Temp/_gbsbuild/obj/states_ptrs.rel
                                          [  ]
C:/Users/amyja/AppData/Local/Temp/_gbsbuild/obj/topdown.rel
                                          [ topdown ]


Libraries Linked                          [ object file ]

C:\Users\amyja\AppData\Local\Temp/_gbstools/gbdk/lib/gb/gb.lib
                                          [ fill_rect_wi.o ]
C:\Users\amyja\AppData\Local\Temp/_gbstools/gbdk/lib/sm83/sm83.lib
                                          [ rand.o ]
lib/hUGEDriver.lib                        [ hUGEDriver.o ]
C:\Users\amyja\AppData\Local\Temp/_gbstools/gbdk/lib/gb/gb.lib
                                          [ sfr.o ]
C:\Users\amyja\AppData\Local\Temp/_gbstools/gbdk/lib/gb/gb.lib
                                          [ get_data.o ]
C:\Users\amyja\AppData\Local\Temp/_gbstools/gbdk/lib/gb/gb.lib
                                          [ get_tile.o ]
C:\Users\amyja\AppData\Local\Temp/_gbstools/gbdk/lib/gb/gb.lib
                                          [ cgb_palettes.o ]
C:\Users\amyja\AppData\Local\Temp/_gbstools/gbdk/lib/gb/gb.lib
                                          [ metasprites_hide_spr.o ]
C:\Users\amyja\AppData\Local\Temp/_gbstools/gbdk/lib/sm83/sm83.lib
                                          [ mul.o ]
C:\Users\amyja\AppData\Local\Temp/_gbstools/gbdk/lib/gb/gb.lib
                                          [ set_tile.o ]
C:\Users\amyja\AppData\Local\Temp/_gbstools/gbdk/lib/sm83/sm83.lib
                                          [ div.o ]
C:\Users\amyja\AppData\Local\Temp/_gbstools/gbdk/lib/sm83/sm83.lib
                                          [ abs.o ]
C:\Users\amyja\AppData\Local\Temp/_gbstools/gbdk/lib/gb/gb.lib
                                          [ set_wi_t.o ]
C:\Users\amyja\AppData\Local\Temp/_gbstools/gbdk/lib/gb/gb.lib
                                          [ set_data.o ]
C:\Users\amyja\AppData\Local\Temp/_gbstools/gbdk/lib/sm83/sm83.lib
                                          [ reverse.o ]
C:\Users\amyja\AppData\Local\Temp/_gbstools/gbdk/lib/gb/gb.lib
                                          [ far_ptr.o ]
C:\Users\amyja\AppData\Local\Temp/_gbstools/gbdk/lib/gb/gb.lib
                                          [ sgb.o ]
C:\Users\amyja\AppData\Local\Temp/_gbstools/gbdk/lib/gb/gb.lib
                                          [ lcd.o ]
C:\Users\amyja\AppData\Local\Temp/_gbstools/gbdk/lib/gb/gb.lib
                                          [ fill_rect.o ]
C:\Users\amyja\AppData\Local\Temp/_gbstools/gbdk/lib/gb/gb.lib
                                          [ cpy_data.o ]
C:\Users\amyja\AppData\Local\Temp/_gbstools/gbdk/lib/gb/gb.lib
                                          [ fill_rect_bk.o ]
C:\Users\amyja\AppData\Local\Temp/_gbstools/gbdk/lib/gb/gb.lib
                                          [ pad.o ]
C:\Users\amyja\AppData\Local\Temp/_gbstools/gbdk/lib/gb/gb.lib
                                          [ metasprites.o ]
C:\Users\amyja\AppData\Local\Temp/_gbstools/gbdk/lib/sm83/sm83.lib
                                          [ __sdcc_call_hl.o ]
C:\Users\amyja\AppData\Local\Temp/_gbstools/gbdk/lib/sm83/sm83.lib
                                          [ memcpy.o ]
C:\Users\amyja\AppData\Local\Temp/_gbstools/gbdk/lib/sm83/sm83.lib
                                          [ _memset.o ]
C:\Users\amyja\AppData\Local\Temp/_gbstools/gbdk/lib/gb/gb.lib
                                          [ set_xy_t.o ]
C:\Users\amyja\AppData\Local\Temp/_gbstools/gbdk/lib/gb/gb.lib
                                          [ ___sdcc_bcall_ehl.o ]
C:\Users\amyja\AppData\Local\Temp/_gbstools/gbdk/lib/gb/gb.lib
                                          [ cgb.o ]
C:\Users\amyja\AppData\Local\Temp/_gbstools/gbdk/lib/gb/gb.lib
                                          [ set_bk_t.o ]

ASxxxx Linker V03.00/V05.40 + sdld,  page 88.

User Base Address Definitions

_DATA=0xC0A0
_CODE=0x0200
ASxxxx Linker V03.00/V05.40 + sdld,  page 89.

User Global Definitions

.STACK=0xDF00
_shadow_OAM=0xC000
.refresh_OAM=0xFF80
__start_save=12

